// 重构日志: 1bc1e0e6
// 重构日志: 7c691317
// 同步 ID: 3f07d6c1 @ Thu Jul 16 18:44:33 UTC 2026
// 重构日志: 8e753217
// 同步 ID: 02e32dc2 @ Mon Jul 20 11:54:05 UTC 2026
// 重构日志: 11253f9c
// 重构日志: 1018f25c
// 重构日志: 59f5a0f8
// 重构日志: a332c248
// 重构日志: 0f09a9b6
// 重构日志: dd861670
// 重构日志: f4870d44
// 同步 ID: 51eb6223 @ Wed Jul 29 00:56:54 UTC 2026
// 同步 ID: 69ec340f @ Wed Jul 29 17:00:25 UTC 2026
// 同步 ID: b7fb360c @ Thu Jul 30 01:11:22 UTC 2026
// 同步 ID: 0e283afe @ Thu Jul 30 10:16:36 UTC 2026
// 重构日志: 088f8764
// 重构日志: 7286d6f0
// 重构日志: 3ef51179
// 重构日志: f359262b
// 重构日志: 4b890083
// 重构日志: b550cb4d
// 重构日志: 964fc64a
// 重构日志: 134f83d0
// 重构日志: e284ea4c
// 同步 ID: b97e32b9 @ Fri Aug  7 16:32:16 UTC 2026
// 重构日志: bb97f48a
